
> frontend@0.0.0 build
> vite build

[36mvite v8.0.0 [32mbuilding client environment for production...[36m[39m
[2K
transforming...Ô£ô 1303 modules transformed.
node.exe : [31mÔ£ù[39m 
Build failed in 8.34s
At line:1 char:1
+ & "C:\Program 
Files\nodejs/node.exe" 
"C:\Program 
Files\nodejs/node_mo ...
+ ~~~~~~~~~~~~~~~~~~~~~~~~
~~~~~~~~~~~~~~~~~~~~~~~~~~
~~~~~~~~~~~~~~~~~~~
    + CategoryInfo        
      : NotSpecified: (  
  [31mÔ£ù[39m Build fa   
 iled in 8.34s:String)    
 [], RemoteException
    + FullyQualifiedError 
   Id : NativeCommandErr  
  or
 
[31merror during build:
[31mBuild failed with 1 
error:

[31m[builtin:vite-transfo
rm] Error:[0m Invalid 
Unicode escape sequence
     [38;5;246mÔò¡[0m[3
8;5;246mÔöÇ[0m[38;5;246m
[[0m src/pages/admin/Seve
nTNTMainChartView.jsx:552:
207 [38;5;246m][0m
     [38;5;246mÔöé[0m
 [38;5;246m552 Ôöé[0m 
[38;5;249m 
[0m[38;5;249m 
[0m[38;5;249m 
[0m[38;5;249m 
[0m[38;5;249m 
[0m[38;5;249m 
[0m[38;5;249m 
[0m[38;5;249m 
[0m[38;5;249m 
[0m[38;5;249m 
[0m[38;5;249m 
[0m[38;5;249m 
[0m[38;5;249m 
[0m[38;5;249m 
[0m[38;5;249m 
[0m[38;5;249m 
[0m[38;5;249m 
[0m[38;5;249m 
[0m[38;5;249m 
[0m[38;5;249m 
[0m[38;5;249m 
[0m[38;5;249m 
[0m[38;5;249m 
[0m[38;5;249m 
[0m[38;5;249m 
[0m[38;5;249m 
[0m[38;5;249m 
[0m[38;5;249m 
[0m[38;5;249m 
[0m[38;5;249m 
[0m[38;5;249m 
[0m[38;5;249m 
[0m[38;5;249m 
[0m[38;5;249m 
[0m[38;5;249m 
[0m[38;5;249m 
[0m[38;5;249m 
[0m[38;5;249m 
[0m[38;5;249m 
[0m[38;5;249m 
[0m[38;5;249m 
[0m[38;5;249m 
[0m[38;5;249m 
[0m[38;5;249m [0m[38;5
;249m<[0m[38;5;249md[0m
[38;5;249mi[0m[38;5;249
mv[0m[38;5;249m [0m[38
;5;249mc[0m[38;5;249ml[
0m[38;5;249ma[0m[38;5;2
49ms[0m[38;5;249ms[0m[
38;5;249mN[0m[38;5;249ma
[0m[38;5;249mm[0m[38;5
;249me[0m[38;5;249m=[0m
[38;5;249m"[0m[38;5;249
mw[0m[38;5;249m-[0m[38
;5;249mf[0m[38;5;249mu[
0m[38;5;249ml[0m[38;5;2
49ml[0m[38;5;249m [0m[
38;5;249mh[0m[38;5;249m-
[0m[38;5;249mf[0m[38;5
;249mu[0m[38;5;249ml[0m
[38;5;249ml[0m[38;5;249
m [0m[38;5;249mf[0m[38
;5;249ml[0m[38;5;249me[
0m[38;5;249mx[0m[38;5;2
49m [0m[38;5;249mi[0m[
38;5;249mt[0m[38;5;249me
[0m[38;5;249mm[0m[38;5
;249ms[0m[38;5;249m-[0m
[38;5;249mc[0m[38;5;249
me[0m[38;5;249mn[0m[38
;5;249mt[0m[38;5;249me[
0m[38;5;249mr[0m[38;5;2
49m [0m[38;5;249mj[0m[
38;5;249mu[0m[38;5;249ms
[0m[38;5;249mt[0m[38;5
;249mi[0m[38;5;249mf[0m
[38;5;249my[0m[38;5;249
m-[0m[38;5;249mc[0m[38
;5;249me[0m[38;5;249mn[
0m[38;5;249mt[0m[38;5;2
49me[0m[38;5;249mr[0m[
38;5;249m"[0m[38;5;249m>
[0m[38;5;249m<[0m[38;5
;249ms[0m[38;5;249mp[0m
[38;5;249ma[0m[38;5;249
mn[0m[38;5;249m [0m[38
;5;249mc[0m[38;5;249ml[
0m[38;5;249ma[0m[38;5;2
49ms[0m[38;5;249ms[0m[
38;5;249mN[0m[38;5;249ma
[0m[38;5;249mm[0m[38;5
;249me[0m[38;5;249m=[0m
[38;5;249m"[0m[38;5;249
mt[0m[38;5;249me[0m[38
;5;249mx[0m[38;5;249mt[
0m[38;5;249m-[0m[38;5;2
49mw[0m[38;5;249mh[0m[
38;5;249mi[0m[38;5;249mt
[0m[38;5;249me[0m[38;5
;249m [0m[38;5;249mf[0m
[38;5;249mo[0m[38;5;249
mn[0m[38;5;249mt[0m[38
;5;249m-[0m[38;5;249ms[
0m[38;5;249me[0m[38;5;2
49mr[0m[38;5;249mi[0m[
38;5;249mf[0m[38;5;249m 
[0m[38;5;249mt[0m[38;5
;249me[0m[38;5;249mx[0m
[38;5;249mt[0m[38;5;249
m-[0m[38;5;249m[[0m[38
;5;249m3[0m[38;5;249m2[
0m[38;5;249mp[0m[38;5;2
49mx[0m[38;5;249m][0m[
38;5;249m [0m[38;5;249mf
[0m[38;5;249mo[0m[38;5
;249mn[0m[38;5;249mt[0m
[38;5;249m-[0m[38;5;249
mn[0m[38;5;249mo[0m[38
;5;249mr[0m[38;5;249mm[
0m[38;5;249ma[0m[38;5;2
49ml[0m[38;5;249m [0m[
38;5;249ml[0m[38;5;249me
[0m[38;5;249ma[0m[38;5
;249md[0m[38;5;249mi[0m
[38;5;249mn[0m[38;5;249
mg[0m[38;5;249m-[0m[38
;5;249mn[0m[38;5;249mo[
0m[38;5;249mn[0m[38;5;2
49me[0m[38;5;249m"[0m[
38;5;249m [0m[38;5;249ms
[0m[38;5;249mt[0m[38;5
;249my[0m[38;5;249ml[0m
[38;5;249me[0m[38;5;249
m=[0m[38;5;249m{[0m[38
;5;249m{[0m[38;5;249m [
0m[38;5;249mt[0m[38;5;2
49mr[0m[38;5;249ma[0m[
38;5;249mn[0m[38;5;249ms
[0m[38;5;249mf[0m[38;5
;249mo[0m[38;5;249mr[0m
[38;5;249mm[0m[38;5;249
m:[0m[38;5;249m [0m[38
;5;249m\[0m'[38;5;249mt
[0m[38;5;249mr[0m[38;5;
249ma[0m[38;5;249mn[0m
[38;5;249ms[0m[38;5;249m
l[0m[38;5;249ma[0m[38;
5;249mt[0m[38;5;249me[0
m[38;5;249mY[0m[38;5;24
9m([0m[38;5;249m-[0m[3
8;5;249m2[0m[38;5;249mp
[0m[38;5;249mx[0m[38;5;
249m)[0m[38;5;249m\[0m
[38;5;249m'[0m[38;5;249m
 [0m[38;5;249m}[0m[38;
5;249m}[0m[38;5;249m>[0
m[38;5;249m{[0m[38;5;24
9mt[0m[38;5;249mL[0m[3
8;5;249ma[0m[38;5;249mb
[0m[38;5;249me[0m[38;5;
249ml[0m[38;5;249m}[0m
[38;5;249m<[0m[38;5;249m
/[0m[38;5;249ms[0m[38;
5;249mp[0m[38;5;249ma[0
m[38;5;249mn[0m[38;5;24
9m>[0m[38;5;249m<[0m[3
8;5;249m/[0m[38;5;249md
[0m[38;5;249mi[0m[38;5;
249mv[0m[38;5;249m>[0m
 [38;5;240m    Ôöé[0m   
                          
                          
                          
                          
                          
                          
                          
                      Ôö¼ 
 
 [38;5;240m    Ôöé[0m   
                          
                          
                          
                          
                          
                          
                          
                      
Ôò░ÔöÇÔöÇ 
[38;5;246mÔöÇÔöÇÔöÇÔöÇÔöÇ
Ôò»[0m
[31m
    at aggregateBindingErr
orsIntoJsError (file:///I:
/RLLT/Webapp/frontend/node
_modules/rolldown/dist/sha
red/error-CP8smW_P.mjs:48:
18)
    at 
unwrapBindingResult (file:
///I:/RLLT/Webapp/frontend
/node_modules/rolldown/dis
t/shared/error-CP8smW_P.mj
s:18:128)
    at #build (file:///I:/
RLLT/Webapp/frontend/node_
modules/rolldown/dist/shar
ed/rolldown-build-4YnQkA76
.mjs:3311:34)
    at async 
buildEnvironment (file:///
I:/RLLT/Webapp/frontend/no
de_modules/vite/dist/node/
chunks/node.js:32794:64)
    at async Object.build 
(file:///I:/RLLT/Webapp/fr
ontend/node_modules/vite/d
ist/node/chunks/node.js:33
216:19)
    at async 
Object.buildApp (file:///I
:/RLLT/Webapp/frontend/nod
e_modules/vite/dist/node/c
hunks/node.js:33213:153)
    at async 
CAC.<anonymous> (file:///I
:/RLLT/Webapp/frontend/nod
e_modules/vite/dist/node/c
li.js:778:3) {
  errors: [Getter/Setter]
}[39m
